[+] Containers:
 |- [+] Container: /Game/ThirdPerson/Maps/ThirdPersonMap
 |   |- [+] ActorDescs:
 |   |   |- Guid:124F1F874A0BB169FF151BB567512251 NativeClass:/Script/Engine.StaticMeshActor Name:StaticMeshActor_UAID_4CD717A17FC0618D02_1400145463 Label:SM_Cylinder SpatiallyLoaded:true EditorBounds:IsValid=true, Min=(X=8820.000 Y=17595.000 Z=2190.000), Max=(X=8920.000 Y=17970.000 Z=2290.000) RuntimeBounds:IsValid=true, Min=(X=8820.000 Y=17595.000 Z=2190.000), Max=(X=8920.000 Y=17970.000 Z=2290.000) RuntimeGrid:None EditorOnly:false RuntimeOnly:false HLODRelevant:true ListedInSceneOutliner:true IsMainWorldOnly:false
 |   |   |- Guid:15324489402BBB7C2F33498522BE164A NativeClass:/Script/Engine.StaticMeshActor Name:StaticMeshActor_UAID_4CD717A17FC0618D02_2030580470 Label:SM_Cube7 SpatiallyLoaded:true EditorBounds:IsValid=true, Min=(X=-50.000 Y=14320.000 Z=0.000), Max=(X=4275.000 Y=18095.000 Z=100.000) RuntimeBounds:IsValid=true, Min=(X=-50.000 Y=14320.000 Z=0.000), Max=(X=4275.000 Y=18095.000 Z=100.000) RuntimeGrid:None EditorOnly:false RuntimeOnly:false HLODRelevant:true ListedInSceneOutliner:true IsMainWorldOnly:false
 |   |   |- Guid:2E6B4E3442CF5011737DCEB7E4223DEB BaseClass:/Game/Enemies/BP_EnemySpawner.BP_EnemySpawner_C NativeClass:/Script/Engine.Actor Name:BP_EnemySpawner_C_UAID_C03EBA83BE917E9002_1277542738 Label:BP_EnemySpawner4 SpatiallyLoaded:true EditorBounds:IsValid=true, Min=(X=5022.000 Y=4502.000 Z=-128.000), Max=(X=5278.000 Y=4758.000 Z=128.000) RuntimeBounds:IsValid=true, Min=(X=5022.000 Y=4502.000 Z=-128.000), Max=(X=5278.000 Y=4758.000 Z=128.000) RuntimeGrid:None EditorOnly:false RuntimeOnly:false HLODRelevant:false ListedInSceneOutliner:true IsMainWorldOnly:false
 |   |   |- Guid:2FB58999456391D349DC0F86DAC136ED NativeClass:/Script/Engine.SkyLight Name:SkyLight_1 Label:SkyLight SpatiallyLoaded:false EditorBounds:IsValid=true, Min=(X=0.000 Y=0.000 Z=690.000), Max=(X=0.000 Y=0.000 Z=690.000) RuntimeBounds:IsValid=true, Min=(X=0.000 Y=0.000 Z=690.000), Max=(X=0.000 Y=0.000 Z=690.000) RuntimeGrid:None EditorOnly:false RuntimeOnly:false HLODRelevant:false ListedInSceneOutliner:true IsMainWorldOnly:false FolderPath:Lighting FolderGuid:963EC3EB4002CCE9759E2EBA541A873A
 |   |   |- Guid:302F267642C8F759037E7C8EA7971CF7 BaseClass:/Game/Enemies/BP_EnemySpawner.BP_EnemySpawner_C NativeClass:/Script/Engine.Actor Name:BP_EnemySpawner_C_UAID_C03EBA83BE91A88F02_2087200072 Label:BP_EnemySpawner SpatiallyLoaded:true EditorBounds:IsValid=true, Min=(X=1702.000 Y=992.000 Z=-88.000), Max=(X=1958.000 Y=1248.000 Z=168.000) RuntimeBounds:IsValid=true, Min=(X=1702.000 Y=992.000 Z=-88.000), Max=(X=1958.000 Y=1248.000 Z=168.000) RuntimeGrid:None EditorOnly:false RuntimeOnly:false HLODRelevant:false ListedInSceneOutliner:true IsMainWorldOnly:false
 |   |   |- Guid:316CF2A6494ACA4C0E4180A87D36AB8F NativeClass:/Script/Engine.ExponentialHeightFog Name:ExponentialHeightFog_0 Label:ExponentialHeightFog SpatiallyLoaded:false EditorBounds:IsValid=true, Min=(X=-5600.000 Y=-50.000 Z=-6850.000), Max=(X=-5600.000 Y=-50.000 Z=-6850.000) RuntimeBounds:IsValid=true, Min=(X=-5600.000 Y=-50.000 Z=-6850.000), Max=(X=-5600.000 Y=-50.000 Z=-6850.000) RuntimeGrid:None EditorOnly:false RuntimeOnly:false HLODRelevant:false ListedInSceneOutliner:true IsMainWorldOnly:false FolderPath:Lighting FolderGuid:963EC3EB4002CCE9759E2EBA541A873A
 |   |   |- Guid:3887AF3248FB6A66A0547597E0E3DA59 BaseClass:/Game/Enemies/BP_EnemySpawner.BP_EnemySpawner_C NativeClass:/Script/Engine.Actor Name:BP_EnemySpawner_C_UAID_C03EBA83BE91B09202_1135730648 Label:BP_EnemySpawner5 SpatiallyLoaded:true EditorBounds:IsValid=true, Min=(X=442.000 Y=2892.000 Z=6162.000), Max=(X=698.000 Y=3148.000 Z=6418.000) RuntimeBounds:IsValid=true, Min=(X=442.000 Y=2892.000 Z=6162.000), Max=(X=698.000 Y=3148.000 Z=6418.000) RuntimeGrid:None EditorOnly:false RuntimeOnly:false HLODRelevant:false ListedInSceneOutliner:true IsMainWorldOnly:false
 |   |   |- Guid:3A00AA1C422CE54C0BDB60BAF471BFBB NativeClass:/Script/Engine.PlayerStart Name:PlayerStart_0 Label:PlayerStart SpatiallyLoaded:false EditorBounds:IsValid=true, Min=(X=5198.405 Y=6973.058 Z=5211.170), Max=(X=5566.405 Y=7229.058 Z=5467.170) RuntimeBounds:IsValid=true, Min=(X=5286.405 Y=7061.058 Z=5247.170), Max=(X=5366.405 Y=7141.058 Z=5431.170) RuntimeGrid:None EditorOnly:false RuntimeOnly:false HLODRelevant:false ListedInSceneOutliner:true IsMainWorldOnly:false
 |   |   |- Guid:43815E84492231AFC407F59E3C28176B NativeClass:/Script/Engine.StaticMeshActor Name:StaticMeshActor_4 Label:SM_Cube6 SpatiallyLoaded:true EditorBounds:IsValid=true, Min=(X=12700.000 Y=100.000 Z=0.000), Max=(X=12800.000 Y=18100.000 Z=7025.000) RuntimeBounds:IsValid=true, Min=(X=12700.000 Y=100.000 Z=0.000), Max=(X=12800.000 Y=18100.000 Z=7025.000) RuntimeGrid:None EditorOnly:false RuntimeOnly:false HLODRelevant:true ListedInSceneOutliner:true IsMainWorldOnly:false FolderPath:Playground FolderGuid:C73F09FC4215536B1DCE2A9E0A830C70
 |   |   |- Guid:4AEC7AEC48A0E71E87B37EAA4075B568 BaseClass:/Game/Enemies/BP_EnemySpawner.BP_EnemySpawner_C NativeClass:/Script/Engine.Actor Name:BP_EnemySpawner_C_UAID_C03EBA83BE917E9002_1200190737 Label:BP_EnemySpawner3 SpatiallyLoaded:true EditorBounds:IsValid=true, Min=(X=5362.000 Y=3992.000 Z=-128.000), Max=(X=5618.000 Y=4248.000 Z=128.000) RuntimeBounds:IsValid=true, Min=(X=5362.000 Y=3992.000 Z=-128.000), Max=(X=5618.000 Y=4248.000 Z=128.000) RuntimeGrid:None EditorOnly:false RuntimeOnly:false HLODRelevant:false ListedInSceneOutliner:true IsMainWorldOnly:false
 |   |   |- Guid:4D3BE93F4146AAAC8BBE79999D96D57F NativeClass:/Script/Engine.VolumetricCloud Name:VolumetricCloud_0 Label:VolumetricCloud SpatiallyLoaded:false EditorBounds:IsValid=true, Min=(X=0.000 Y=0.000 Z=820.000), Max=(X=0.000 Y=0.000 Z=820.000) RuntimeBounds:IsValid=true, Min=(X=0.000 Y=0.000 Z=820.000), Max=(X=0.000 Y=0.000 Z=820.000) RuntimeGrid:None EditorOnly:false RuntimeOnly:false HLODRelevant:false ListedInSceneOutliner:true IsMainWorldOnly:false FolderPath:Lighting FolderGuid:963EC3EB4002CCE9759E2EBA541A873A
 |   |   |- Guid:5043B43145B6C15BE8936F8C65B8CEF6 NativeClass:/Script/Engine.StaticMeshActor Name:StaticMeshActor_UAID_4CD717A17FC0628D02_2055262650 Label:SM_Cylinder8 SpatiallyLoaded:true EditorBounds:IsValid=true, Min=(X=1815.000 Y=15795.000 Z=6690.000), Max=(X=2465.000 Y=16445.000 Z=6790.000) RuntimeBounds:IsValid=true, Min=(X=1815.000 Y=15795.000 Z=6690.000), Max=(X=2465.000 Y=16445.000 Z=6790.000) RuntimeGrid:None EditorOnly:false RuntimeOnly:false HLODRelevant:true ListedInSceneOutliner:true IsMainWorldOnly:false
 |   |   |- Guid:5B97F4A64FB21F77EFC44386BF705B4C NativeClass:/Script/Engine.TextRenderActor Name:TextRenderActor_1 Label:TextRenderActor SpatiallyLoaded:true EditorBounds:IsValid=true, Min=(X=-128.100 Y=692.000 Z=12.013), Max=(X=127.900 Y=2112.308 Z=268.013) RuntimeBounds:IsValid=true, Min=(X=-0.100 Y=820.000 Z=65.013), Max=(X=-0.100 Y=2112.308 Z=215.013) RuntimeGrid:None EditorOnly:false RuntimeOnly:false HLODRelevant:false ListedInSceneOutliner:true IsMainWorldOnly:false
 |   |   |- Guid:6BAF4DDD444C60371492D3919DB42C97 NativeClass:/Script/Engine.WorldDataLayers Name:WorldDataLayers Label:WorldDataLayers SpatiallyLoaded:false EditorBounds:IsValid=true, Min=(X=0.000 Y=0.000 Z=0.000), Max=(X=0.000 Y=0.000 Z=0.000) RuntimeBounds:IsValid=true, Min=(X=0.000 Y=0.000 Z=0.000), Max=(X=0.000 Y=0.000 Z=0.000) RuntimeGrid:None EditorOnly:false RuntimeOnly:false HLODRelevant:false ListedInSceneOutliner:true IsMainWorldOnly:true
 |   |   |- Guid:7637D1EC42EEDD836AF443A70430060C NativeClass:/Script/NavigationSystem.RecastNavMesh Name:RecastNavMesh_UAID_C03EBA83BE91A98F02-Default Label:RecastNavMesh-Default SpatiallyLoaded:false EditorBounds:IsValid=true, Min=(X=0.000 Y=0.000 Z=0.000), Max=(X=0.000 Y=0.000 Z=0.000) RuntimeBounds:IsValid=true, Min=(X=0.000 Y=0.000 Z=0.000), Max=(X=0.000 Y=0.000 Z=0.000) RuntimeGrid:None EditorOnly:false RuntimeOnly:false HLODRelevant:false ListedInSceneOutliner:true IsMainWorldOnly:false
 |   |   |- Guid:78E344744E8573C5E7771C8CF67F306C NativeClass:/Script/Engine.StaticMeshActor Name:StaticMeshActor_UAID_4CD717A17FC0618D02_1487927465 Label:SM_Cylinder2 SpatiallyLoaded:true EditorBounds:IsValid=true, Min=(X=8990.000 Y=17845.000 Z=2190.000), Max=(X=9090.000 Y=17970.000 Z=2290.000) RuntimeBounds:IsValid=true, Min=(X=8990.000 Y=17845.000 Z=2190.000), Max=(X=9090.000 Y=17970.000 Z=2290.000) RuntimeGrid:None EditorOnly:false RuntimeOnly:false HLODRelevant:true ListedInSceneOutliner:true IsMainWorldOnly:false
 |   |   |- Guid:8C1956004DCBE8C44FD8DC95180645C6 NativeClass:/Script/Engine.StaticMeshActor Name:StaticMeshActor_UAID_4CD717A17FC0618D02_1490520466 Label:SM_Cylinder3 SpatiallyLoaded:true EditorBounds:IsValid=true, Min=(X=8630.000 Y=17845.000 Z=2190.000), Max=(X=8730.000 Y=17970.000 Z=2290.000) RuntimeBounds:IsValid=true, Min=(X=8630.000 Y=17845.000 Z=2190.000), Max=(X=8730.000 Y=17970.000 Z=2290.000) RuntimeGrid:None EditorOnly:false RuntimeOnly:false HLODRelevant:true ListedInSceneOutliner:true IsMainWorldOnly:false
 |   |   |- Guid:A063EAAD4D7F123987EF31BC29E33BEC NativeClass:/Script/Engine.StaticMeshActor Name:StaticMeshActor_UAID_4CD717A17FC0628D02_2055259649 Label:SM_Cylinder7 SpatiallyLoaded:true EditorBounds:IsValid=true, Min=(X=2090.000 Y=16070.000 Z=6780.000), Max=(X=2190.000 Y=16170.000 Z=6880.000) RuntimeBounds:IsValid=true, Min=(X=2090.000 Y=16070.000 Z=6780.000), Max=(X=2190.000 Y=16170.000 Z=6880.000) RuntimeGrid:None EditorOnly:false RuntimeOnly:false HLODRelevant:true ListedInSceneOutliner:true IsMainWorldOnly:false
 |   |   |- Guid:A56216954B2165CF0F35A886B537D536 NativeClass:/Script/Engine.StaticMeshActor Name:StaticMeshActor_0 Label:SM_Cube5 SpatiallyLoaded:true EditorBounds:IsValid=true, Min=(X=-0.000 Y=100.000 Z=0.000), Max=(X=100.000 Y=18050.000 Z=7025.000) RuntimeBounds:IsValid=true, Min=(X=-0.000 Y=100.000 Z=0.000), Max=(X=100.000 Y=18050.000 Z=7025.000) RuntimeGrid:None EditorOnly:false RuntimeOnly:false HLODRelevant:true ListedInSceneOutliner:true IsMainWorldOnly:false FolderPath:Playground FolderGuid:C73F09FC4215536B1DCE2A9E0A830C70
 |   |   |- Guid:B785ED2844B84CFB91E7F39FE661CD99 NativeClass:/Script/Engine.DirectionalLight Name:DirectionalLight_0 Label:DirectionalLight SpatiallyLoaded:false EditorBounds:IsValid=true, Min=(X=-1048576.000 Y=-1048576.000 Z=-1048576.000), Max=(X=1048576.000 Y=1048576.000 Z=1048576.000) RuntimeBounds:IsValid=true, Min=(X=-1048576.000 Y=-1048576.000 Z=-1048576.000), Max=(X=1048576.000 Y=1048576.000 Z=1048576.000) RuntimeGrid:None EditorOnly:false RuntimeOnly:false HLODRelevant:false ListedInSceneOutliner:true IsMainWorldOnly:false FolderPath:Lighting FolderGuid:963EC3EB4002CCE9759E2EBA541A873A
 |   |   |- Guid:BC08B79C4EA3C961CFF75EBBE83B367D NativeClass:/Script/Engine.StaticMeshActor Name:StaticMeshActor_5 Label:SM_Cube2 SpatiallyLoaded:true EditorBounds:IsValid=true, Min=(X=0.000 Y=1730.000 Z=0.000), Max=(X=12825.000 Y=1830.000 Z=7025.000) RuntimeBounds:IsValid=true, Min=(X=0.000 Y=1730.000 Z=0.000), Max=(X=12825.000 Y=1830.000 Z=7025.000) RuntimeGrid:None EditorOnly:false RuntimeOnly:false HLODRelevant:true ListedInSceneOutliner:true IsMainWorldOnly:false FolderPath:Playground FolderGuid:C73F09FC4215536B1DCE2A9E0A830C70
 |   |   |- Guid:C72975674BB86DA96BDA6DAC503FB43B NativeClass:/Script/NavigationSystem.NavMeshBoundsVolume Name:NavMeshBoundsVolume_UAID_C03EBA83BE91A98F02_1165002251 Label:NavMeshBoundsVolume SpatiallyLoaded:false EditorBounds:IsValid=true, Min=(X=-730.000 Y=-810.000 Z=-1940.000), Max=(X=3270.000 Y=3190.000 Z=2060.000) RuntimeBounds:IsValid=true, Min=(X=-730.000 Y=-810.000 Z=-1940.000), Max=(X=3270.000 Y=3190.000 Z=2060.000) RuntimeGrid:None EditorOnly:false RuntimeOnly:false HLODRelevant:false ListedInSceneOutliner:true IsMainWorldOnly:false
 |   |   |- Guid:C90D45F44A8911F5A8A770AC464E0F2B NativeClass:/Script/Engine.StaticMeshActor Name:StaticMeshActor_UAID_4CD717A17FC0618D02_1507245467 Label:SM_Cylinder4 SpatiallyLoaded:true EditorBounds:IsValid=true, Min=(X=8820.000 Y=17534.199 Z=2136.747), Max=(X=8920.000 Y=17683.301 Z=2295.000) RuntimeBounds:IsValid=true, Min=(X=8820.000 Y=17534.199 Z=2136.747), Max=(X=8920.000 Y=17683.301 Z=2295.000) RuntimeGrid:None EditorOnly:false RuntimeOnly:false HLODRelevant:true ListedInSceneOutliner:true IsMainWorldOnly:false
 |   |   |- Guid:CCFF262C46EEFFDF319E7F9539CE697E NativeClass:/Script/Engine.SkyAtmosphere Name:SkyAtmosphere_0 Label:SkyAtmosphere SpatiallyLoaded:false EditorBounds:IsValid=true, Min=(X=0.000 Y=0.000 Z=1020.000), Max=(X=0.000 Y=0.000 Z=1020.000) RuntimeBounds:IsValid=true, Min=(X=0.000 Y=0.000 Z=1020.000), Max=(X=0.000 Y=0.000 Z=1020.000) RuntimeGrid:None EditorOnly:false RuntimeOnly:false HLODRelevant:false ListedInSceneOutliner:true IsMainWorldOnly:false FolderPath:Lighting FolderGuid:963EC3EB4002CCE9759E2EBA541A873A
 |   |   |- Guid:EADED7744BBC2E2B085A1CA8A6C9A4CE BaseClass:/Game/Enemies/BP_EnemySpawner.BP_EnemySpawner_C NativeClass:/Script/Engine.Actor Name:BP_EnemySpawner_C_UAID_C03EBA83BE917E9002_1197932736 Label:BP_EnemySpawner2 SpatiallyLoaded:true EditorBounds:IsValid=true, Min=(X=6352.000 Y=5352.000 Z=-128.000), Max=(X=6608.000 Y=5608.000 Z=128.000) RuntimeBounds:IsValid=true, Min=(X=6352.000 Y=5352.000 Z=-128.000), Max=(X=6608.000 Y=5608.000 Z=128.000) RuntimeGrid:None EditorOnly:false RuntimeOnly:false HLODRelevant:false ListedInSceneOutliner:true IsMainWorldOnly:false
 |   |   |- Guid:EC4E0C944CE6AC6E784BC6BB2916EA13 NativeClass:/Script/Engine.StaticMeshActor Name:StaticMeshActor_UAID_A4AE111137DC5EFB00_1110535423 Label:SM_SkySphere SpatiallyLoaded:false EditorBounds:IsValid=true, Min=(X=-1638400.000 Y=-1638400.000 Z=-1638400.000), Max=(X=1638400.000 Y=1638400.000 Z=1638400.000) RuntimeBounds:IsValid=true, Min=(X=-1638400.000 Y=-1638400.000 Z=-1638400.000), Max=(X=1638400.000 Y=1638400.000 Z=1638400.000) RuntimeGrid:None EditorOnly:false RuntimeOnly:false HLODRelevant:true ListedInSceneOutliner:true IsMainWorldOnly:false FolderPath:Lighting FolderGuid:963EC3EB4002CCE9759E2EBA541A873A
 |   |   |- Guid:F17BAA2C4641B49811DD92A127619EE8 NativeClass:/Script/Engine.StaticMeshActor Name:StaticMeshActor_UAID_D8BBC1DE44E19B8D02_1873857677 Label:Boolean SpatiallyLoaded:true EditorBounds:IsValid=true, Min=(X=3300.000 Y=2075.000 Z=0.000), Max=(X=4000.000 Y=3825.000 Z=700.000) RuntimeBounds:IsValid=true, Min=(X=3300.000 Y=2075.000 Z=0.000), Max=(X=4000.000 Y=3825.000 Z=700.000) RuntimeGrid:None EditorOnly:false RuntimeOnly:false HLODRelevant:true ListedInSceneOutliner:true IsMainWorldOnly:false
 |   |   |- Guid:F1924B8D48954B30891B2DB6A694F9CC NativeClass:/Script/Engine.StaticMeshActor Name:StaticMeshActor_1 Label:SM_Cube SpatiallyLoaded:true EditorBounds:IsValid=true, Min=(X=0.000 Y=0.000 Z=-50.000), Max=(X=12800.000 Y=18050.000 Z=0.000) RuntimeBounds:IsValid=true, Min=(X=0.000 Y=0.000 Z=-50.000), Max=(X=12800.000 Y=18050.000 Z=0.000) RuntimeGrid:None EditorOnly:false RuntimeOnly:false HLODRelevant:true ListedInSceneOutliner:true IsMainWorldOnly:false FolderPath:Playground FolderGuid:C73F09FC4215536B1DCE2A9E0A830C70
 |   |   |- Guid:F5E3FEB3450C49844FD93DA8E083C8AD NativeClass:/Script/Engine.PostProcessVolume Name:PostProcessVolume_0 Label:PostProcessVolume SpatiallyLoaded:false EditorBounds:IsValid=true, Min=(X=0.000 Y=0.000 Z=400.000), Max=(X=200.000 Y=200.000 Z=600.000) RuntimeBounds:IsValid=true, Min=(X=0.000 Y=0.000 Z=400.000), Max=(X=200.000 Y=200.000 Z=600.000) RuntimeGrid:None EditorOnly:false RuntimeOnly:false HLODRelevant:false ListedInSceneOutliner:true IsMainWorldOnly:false FolderPath:Lighting FolderGuid:963EC3EB4002CCE9759E2EBA541A873A
 |   |   |- Guid:FF698C67459ADB4982D7759C0905EE9F NativeClass:/Script/Engine.StaticMeshActor Name:StaticMeshActor_6 Label:SM_Cube3 SpatiallyLoaded:true EditorBounds:IsValid=true, Min=(X=0.000 Y=17950.000 Z=0.000), Max=(X=12800.000 Y=18050.000 Z=7025.000) RuntimeBounds:IsValid=true, Min=(X=0.000 Y=17950.000 Z=0.000), Max=(X=12800.000 Y=18050.000 Z=7025.000) RuntimeGrid:None EditorOnly:false RuntimeOnly:false HLODRelevant:true ListedInSceneOutliner:true IsMainWorldOnly:false FolderPath:Playground FolderGuid:C73F09FC4215536B1DCE2A9E0A830C70
 |   |- [+] Clusters:
 |   |   |- [+] [  0]
 |   |   |   |- Guid:124F1F874A0BB169FF151BB567512251 NativeClass:/Script/Engine.StaticMeshActor Name:StaticMeshActor_UAID_4CD717A17FC0618D02_1400145463 Label:SM_Cylinder SpatiallyLoaded:true EditorBounds:IsValid=true, Min=(X=8820.000 Y=17595.000 Z=2190.000), Max=(X=8920.000 Y=17970.000 Z=2290.000) RuntimeBounds:IsValid=true, Min=(X=8820.000 Y=17595.000 Z=2190.000), Max=(X=8920.000 Y=17970.000 Z=2290.000) RuntimeGrid:None EditorOnly:false RuntimeOnly:false HLODRelevant:true ListedInSceneOutliner:true IsMainWorldOnly:false
 |   |   |- [+] [  1]
 |   |   |   |- Guid:15324489402BBB7C2F33498522BE164A NativeClass:/Script/Engine.StaticMeshActor Name:StaticMeshActor_UAID_4CD717A17FC0618D02_2030580470 Label:SM_Cube7 SpatiallyLoaded:true EditorBounds:IsValid=true, Min=(X=-50.000 Y=14320.000 Z=0.000), Max=(X=4275.000 Y=18095.000 Z=100.000) RuntimeBounds:IsValid=true, Min=(X=-50.000 Y=14320.000 Z=0.000), Max=(X=4275.000 Y=18095.000 Z=100.000) RuntimeGrid:None EditorOnly:false RuntimeOnly:false HLODRelevant:true ListedInSceneOutliner:true IsMainWorldOnly:false
 |   |   |- [+] [  2]
 |   |   |   |- Guid:2E6B4E3442CF5011737DCEB7E4223DEB BaseClass:/Game/Enemies/BP_EnemySpawner.BP_EnemySpawner_C NativeClass:/Script/Engine.Actor Name:BP_EnemySpawner_C_UAID_C03EBA83BE917E9002_1277542738 Label:BP_EnemySpawner4 SpatiallyLoaded:true EditorBounds:IsValid=true, Min=(X=5022.000 Y=4502.000 Z=-128.000), Max=(X=5278.000 Y=4758.000 Z=128.000) RuntimeBounds:IsValid=true, Min=(X=5022.000 Y=4502.000 Z=-128.000), Max=(X=5278.000 Y=4758.000 Z=128.000) RuntimeGrid:None EditorOnly:false RuntimeOnly:false HLODRelevant:false ListedInSceneOutliner:true IsMainWorldOnly:false
 |   |   |- [+] [  3]
 |   |   |   |- Guid:2FB58999456391D349DC0F86DAC136ED NativeClass:/Script/Engine.SkyLight Name:SkyLight_1 Label:SkyLight SpatiallyLoaded:false EditorBounds:IsValid=true, Min=(X=0.000 Y=0.000 Z=690.000), Max=(X=0.000 Y=0.000 Z=690.000) RuntimeBounds:IsValid=true, Min=(X=0.000 Y=0.000 Z=690.000), Max=(X=0.000 Y=0.000 Z=690.000) RuntimeGrid:None EditorOnly:false RuntimeOnly:false HLODRelevant:false ListedInSceneOutliner:true IsMainWorldOnly:false FolderPath:Lighting FolderGuid:963EC3EB4002CCE9759E2EBA541A873A
 |   |   |- [+] [  4]
 |   |   |   |- Guid:302F267642C8F759037E7C8EA7971CF7 BaseClass:/Game/Enemies/BP_EnemySpawner.BP_EnemySpawner_C NativeClass:/Script/Engine.Actor Name:BP_EnemySpawner_C_UAID_C03EBA83BE91A88F02_2087200072 Label:BP_EnemySpawner SpatiallyLoaded:true EditorBounds:IsValid=true, Min=(X=1702.000 Y=992.000 Z=-88.000), Max=(X=1958.000 Y=1248.000 Z=168.000) RuntimeBounds:IsValid=true, Min=(X=1702.000 Y=992.000 Z=-88.000), Max=(X=1958.000 Y=1248.000 Z=168.000) RuntimeGrid:None EditorOnly:false RuntimeOnly:false HLODRelevant:false ListedInSceneOutliner:true IsMainWorldOnly:false
 |   |   |- [+] [  5]
 |   |   |   |- Guid:316CF2A6494ACA4C0E4180A87D36AB8F NativeClass:/Script/Engine.ExponentialHeightFog Name:ExponentialHeightFog_0 Label:ExponentialHeightFog SpatiallyLoaded:false EditorBounds:IsValid=true, Min=(X=-5600.000 Y=-50.000 Z=-6850.000), Max=(X=-5600.000 Y=-50.000 Z=-6850.000) RuntimeBounds:IsValid=true, Min=(X=-5600.000 Y=-50.000 Z=-6850.000), Max=(X=-5600.000 Y=-50.000 Z=-6850.000) RuntimeGrid:None EditorOnly:false RuntimeOnly:false HLODRelevant:false ListedInSceneOutliner:true IsMainWorldOnly:false FolderPath:Lighting FolderGuid:963EC3EB4002CCE9759E2EBA541A873A
 |   |   |- [+] [  6]
 |   |   |   |- Guid:3887AF3248FB6A66A0547597E0E3DA59 BaseClass:/Game/Enemies/BP_EnemySpawner.BP_EnemySpawner_C NativeClass:/Script/Engine.Actor Name:BP_EnemySpawner_C_UAID_C03EBA83BE91B09202_1135730648 Label:BP_EnemySpawner5 SpatiallyLoaded:true EditorBounds:IsValid=true, Min=(X=442.000 Y=2892.000 Z=6162.000), Max=(X=698.000 Y=3148.000 Z=6418.000) RuntimeBounds:IsValid=true, Min=(X=442.000 Y=2892.000 Z=6162.000), Max=(X=698.000 Y=3148.000 Z=6418.000) RuntimeGrid:None EditorOnly:false RuntimeOnly:false HLODRelevant:false ListedInSceneOutliner:true IsMainWorldOnly:false
 |   |   |- [+] [  7]
 |   |   |   |- Guid:3A00AA1C422CE54C0BDB60BAF471BFBB NativeClass:/Script/Engine.PlayerStart Name:PlayerStart_0 Label:PlayerStart SpatiallyLoaded:false EditorBounds:IsValid=true, Min=(X=5198.405 Y=6973.058 Z=5211.170), Max=(X=5566.405 Y=7229.058 Z=5467.170) RuntimeBounds:IsValid=true, Min=(X=5286.405 Y=7061.058 Z=5247.170), Max=(X=5366.405 Y=7141.058 Z=5431.170) RuntimeGrid:None EditorOnly:false RuntimeOnly:false HLODRelevant:false ListedInSceneOutliner:true IsMainWorldOnly:false
 |   |   |- [+] [  8]
 |   |   |   |- Guid:43815E84492231AFC407F59E3C28176B NativeClass:/Script/Engine.StaticMeshActor Name:StaticMeshActor_4 Label:SM_Cube6 SpatiallyLoaded:true EditorBounds:IsValid=true, Min=(X=12700.000 Y=100.000 Z=0.000), Max=(X=12800.000 Y=18100.000 Z=7025.000) RuntimeBounds:IsValid=true, Min=(X=12700.000 Y=100.000 Z=0.000), Max=(X=12800.000 Y=18100.000 Z=7025.000) RuntimeGrid:None EditorOnly:false RuntimeOnly:false HLODRelevant:true ListedInSceneOutliner:true IsMainWorldOnly:false FolderPath:Playground FolderGuid:C73F09FC4215536B1DCE2A9E0A830C70
 |   |   |- [+] [  9]
 |   |   |   |- Guid:4AEC7AEC48A0E71E87B37EAA4075B568 BaseClass:/Game/Enemies/BP_EnemySpawner.BP_EnemySpawner_C NativeClass:/Script/Engine.Actor Name:BP_EnemySpawner_C_UAID_C03EBA83BE917E9002_1200190737 Label:BP_EnemySpawner3 SpatiallyLoaded:true EditorBounds:IsValid=true, Min=(X=5362.000 Y=3992.000 Z=-128.000), Max=(X=5618.000 Y=4248.000 Z=128.000) RuntimeBounds:IsValid=true, Min=(X=5362.000 Y=3992.000 Z=-128.000), Max=(X=5618.000 Y=4248.000 Z=128.000) RuntimeGrid:None EditorOnly:false RuntimeOnly:false HLODRelevant:false ListedInSceneOutliner:true IsMainWorldOnly:false
 |   |   |- [+] [ 10]
 |   |   |   |- Guid:4D3BE93F4146AAAC8BBE79999D96D57F NativeClass:/Script/Engine.VolumetricCloud Name:VolumetricCloud_0 Label:VolumetricCloud SpatiallyLoaded:false EditorBounds:IsValid=true, Min=(X=0.000 Y=0.000 Z=820.000), Max=(X=0.000 Y=0.000 Z=820.000) RuntimeBounds:IsValid=true, Min=(X=0.000 Y=0.000 Z=820.000), Max=(X=0.000 Y=0.000 Z=820.000) RuntimeGrid:None EditorOnly:false RuntimeOnly:false HLODRelevant:false ListedInSceneOutliner:true IsMainWorldOnly:false FolderPath:Lighting FolderGuid:963EC3EB4002CCE9759E2EBA541A873A
 |   |   |- [+] [ 11]
 |   |   |   |- Guid:5043B43145B6C15BE8936F8C65B8CEF6 NativeClass:/Script/Engine.StaticMeshActor Name:StaticMeshActor_UAID_4CD717A17FC0628D02_2055262650 Label:SM_Cylinder8 SpatiallyLoaded:true EditorBounds:IsValid=true, Min=(X=1815.000 Y=15795.000 Z=6690.000), Max=(X=2465.000 Y=16445.000 Z=6790.000) RuntimeBounds:IsValid=true, Min=(X=1815.000 Y=15795.000 Z=6690.000), Max=(X=2465.000 Y=16445.000 Z=6790.000) RuntimeGrid:None EditorOnly:false RuntimeOnly:false HLODRelevant:true ListedInSceneOutliner:true IsMainWorldOnly:false
 |   |   |- [+] [ 12]
 |   |   |   |- Guid:5B97F4A64FB21F77EFC44386BF705B4C NativeClass:/Script/Engine.TextRenderActor Name:TextRenderActor_1 Label:TextRenderActor SpatiallyLoaded:true EditorBounds:IsValid=true, Min=(X=-128.100 Y=692.000 Z=12.013), Max=(X=127.900 Y=2112.308 Z=268.013) RuntimeBounds:IsValid=true, Min=(X=-0.100 Y=820.000 Z=65.013), Max=(X=-0.100 Y=2112.308 Z=215.013) RuntimeGrid:None EditorOnly:false RuntimeOnly:false HLODRelevant:false ListedInSceneOutliner:true IsMainWorldOnly:false
 |   |   |- [+] [ 13]
 |   |   |   |- Guid:6BAF4DDD444C60371492D3919DB42C97 NativeClass:/Script/Engine.WorldDataLayers Name:WorldDataLayers Label:WorldDataLayers SpatiallyLoaded:false EditorBounds:IsValid=true, Min=(X=0.000 Y=0.000 Z=0.000), Max=(X=0.000 Y=0.000 Z=0.000) RuntimeBounds:IsValid=true, Min=(X=0.000 Y=0.000 Z=0.000), Max=(X=0.000 Y=0.000 Z=0.000) RuntimeGrid:None EditorOnly:false RuntimeOnly:false HLODRelevant:false ListedInSceneOutliner:true IsMainWorldOnly:true
 |   |   |- [+] [ 14]
 |   |   |   |- Guid:7637D1EC42EEDD836AF443A70430060C NativeClass:/Script/NavigationSystem.RecastNavMesh Name:RecastNavMesh_UAID_C03EBA83BE91A98F02-Default Label:RecastNavMesh-Default SpatiallyLoaded:false EditorBounds:IsValid=true, Min=(X=0.000 Y=0.000 Z=0.000), Max=(X=0.000 Y=0.000 Z=0.000) RuntimeBounds:IsValid=true, Min=(X=0.000 Y=0.000 Z=0.000), Max=(X=0.000 Y=0.000 Z=0.000) RuntimeGrid:None EditorOnly:false RuntimeOnly:false HLODRelevant:false ListedInSceneOutliner:true IsMainWorldOnly:false
 |   |   |- [+] [ 15]
 |   |   |   |- Guid:78E344744E8573C5E7771C8CF67F306C NativeClass:/Script/Engine.StaticMeshActor Name:StaticMeshActor_UAID_4CD717A17FC0618D02_1487927465 Label:SM_Cylinder2 SpatiallyLoaded:true EditorBounds:IsValid=true, Min=(X=8990.000 Y=17845.000 Z=2190.000), Max=(X=9090.000 Y=17970.000 Z=2290.000) RuntimeBounds:IsValid=true, Min=(X=8990.000 Y=17845.000 Z=2190.000), Max=(X=9090.000 Y=17970.000 Z=2290.000) RuntimeGrid:None EditorOnly:false RuntimeOnly:false HLODRelevant:true ListedInSceneOutliner:true IsMainWorldOnly:false
 |   |   |- [+] [ 16]
 |   |   |   |- Guid:8C1956004DCBE8C44FD8DC95180645C6 NativeClass:/Script/Engine.StaticMeshActor Name:StaticMeshActor_UAID_4CD717A17FC0618D02_1490520466 Label:SM_Cylinder3 SpatiallyLoaded:true EditorBounds:IsValid=true, Min=(X=8630.000 Y=17845.000 Z=2190.000), Max=(X=8730.000 Y=17970.000 Z=2290.000) RuntimeBounds:IsValid=true, Min=(X=8630.000 Y=17845.000 Z=2190.000), Max=(X=8730.000 Y=17970.000 Z=2290.000) RuntimeGrid:None EditorOnly:false RuntimeOnly:false HLODRelevant:true ListedInSceneOutliner:true IsMainWorldOnly:false
 |   |   |- [+] [ 17]
 |   |   |   |- Guid:A063EAAD4D7F123987EF31BC29E33BEC NativeClass:/Script/Engine.StaticMeshActor Name:StaticMeshActor_UAID_4CD717A17FC0628D02_2055259649 Label:SM_Cylinder7 SpatiallyLoaded:true EditorBounds:IsValid=true, Min=(X=2090.000 Y=16070.000 Z=6780.000), Max=(X=2190.000 Y=16170.000 Z=6880.000) RuntimeBounds:IsValid=true, Min=(X=2090.000 Y=16070.000 Z=6780.000), Max=(X=2190.000 Y=16170.000 Z=6880.000) RuntimeGrid:None EditorOnly:false RuntimeOnly:false HLODRelevant:true ListedInSceneOutliner:true IsMainWorldOnly:false
 |   |   |- [+] [ 18]
 |   |   |   |- Guid:A56216954B2165CF0F35A886B537D536 NativeClass:/Script/Engine.StaticMeshActor Name:StaticMeshActor_0 Label:SM_Cube5 SpatiallyLoaded:true EditorBounds:IsValid=true, Min=(X=-0.000 Y=100.000 Z=0.000), Max=(X=100.000 Y=18050.000 Z=7025.000) RuntimeBounds:IsValid=true, Min=(X=-0.000 Y=100.000 Z=0.000), Max=(X=100.000 Y=18050.000 Z=7025.000) RuntimeGrid:None EditorOnly:false RuntimeOnly:false HLODRelevant:true ListedInSceneOutliner:true IsMainWorldOnly:false FolderPath:Playground FolderGuid:C73F09FC4215536B1DCE2A9E0A830C70
 |   |   |- [+] [ 19]
 |   |   |   |- Guid:B785ED2844B84CFB91E7F39FE661CD99 NativeClass:/Script/Engine.DirectionalLight Name:DirectionalLight_0 Label:DirectionalLight SpatiallyLoaded:false EditorBounds:IsValid=true, Min=(X=-1048576.000 Y=-1048576.000 Z=-1048576.000), Max=(X=1048576.000 Y=1048576.000 Z=1048576.000) RuntimeBounds:IsValid=true, Min=(X=-1048576.000 Y=-1048576.000 Z=-1048576.000), Max=(X=1048576.000 Y=1048576.000 Z=1048576.000) RuntimeGrid:None EditorOnly:false RuntimeOnly:false HLODRelevant:false ListedInSceneOutliner:true IsMainWorldOnly:false FolderPath:Lighting FolderGuid:963EC3EB4002CCE9759E2EBA541A873A
 |   |   |- [+] [ 20]
 |   |   |   |- Guid:BC08B79C4EA3C961CFF75EBBE83B367D NativeClass:/Script/Engine.StaticMeshActor Name:StaticMeshActor_5 Label:SM_Cube2 SpatiallyLoaded:true EditorBounds:IsValid=true, Min=(X=0.000 Y=1730.000 Z=0.000), Max=(X=12825.000 Y=1830.000 Z=7025.000) RuntimeBounds:IsValid=true, Min=(X=0.000 Y=1730.000 Z=0.000), Max=(X=12825.000 Y=1830.000 Z=7025.000) RuntimeGrid:None EditorOnly:false RuntimeOnly:false HLODRelevant:true ListedInSceneOutliner:true IsMainWorldOnly:false FolderPath:Playground FolderGuid:C73F09FC4215536B1DCE2A9E0A830C70
 |   |   |- [+] [ 21]
 |   |   |   |- Guid:C72975674BB86DA96BDA6DAC503FB43B NativeClass:/Script/NavigationSystem.NavMeshBoundsVolume Name:NavMeshBoundsVolume_UAID_C03EBA83BE91A98F02_1165002251 Label:NavMeshBoundsVolume SpatiallyLoaded:false EditorBounds:IsValid=true, Min=(X=-730.000 Y=-810.000 Z=-1940.000), Max=(X=3270.000 Y=3190.000 Z=2060.000) RuntimeBounds:IsValid=true, Min=(X=-730.000 Y=-810.000 Z=-1940.000), Max=(X=3270.000 Y=3190.000 Z=2060.000) RuntimeGrid:None EditorOnly:false RuntimeOnly:false HLODRelevant:false ListedInSceneOutliner:true IsMainWorldOnly:false
 |   |   |- [+] [ 22]
 |   |   |   |- Guid:C90D45F44A8911F5A8A770AC464E0F2B NativeClass:/Script/Engine.StaticMeshActor Name:StaticMeshActor_UAID_4CD717A17FC0618D02_1507245467 Label:SM_Cylinder4 SpatiallyLoaded:true EditorBounds:IsValid=true, Min=(X=8820.000 Y=17534.199 Z=2136.747), Max=(X=8920.000 Y=17683.301 Z=2295.000) RuntimeBounds:IsValid=true, Min=(X=8820.000 Y=17534.199 Z=2136.747), Max=(X=8920.000 Y=17683.301 Z=2295.000) RuntimeGrid:None EditorOnly:false RuntimeOnly:false HLODRelevant:true ListedInSceneOutliner:true IsMainWorldOnly:false
 |   |   |- [+] [ 23]
 |   |   |   |- Guid:CCFF262C46EEFFDF319E7F9539CE697E NativeClass:/Script/Engine.SkyAtmosphere Name:SkyAtmosphere_0 Label:SkyAtmosphere SpatiallyLoaded:false EditorBounds:IsValid=true, Min=(X=0.000 Y=0.000 Z=1020.000), Max=(X=0.000 Y=0.000 Z=1020.000) RuntimeBounds:IsValid=true, Min=(X=0.000 Y=0.000 Z=1020.000), Max=(X=0.000 Y=0.000 Z=1020.000) RuntimeGrid:None EditorOnly:false RuntimeOnly:false HLODRelevant:false ListedInSceneOutliner:true IsMainWorldOnly:false FolderPath:Lighting FolderGuid:963EC3EB4002CCE9759E2EBA541A873A
 |   |   |- [+] [ 24]
 |   |   |   |- Guid:EADED7744BBC2E2B085A1CA8A6C9A4CE BaseClass:/Game/Enemies/BP_EnemySpawner.BP_EnemySpawner_C NativeClass:/Script/Engine.Actor Name:BP_EnemySpawner_C_UAID_C03EBA83BE917E9002_1197932736 Label:BP_EnemySpawner2 SpatiallyLoaded:true EditorBounds:IsValid=true, Min=(X=6352.000 Y=5352.000 Z=-128.000), Max=(X=6608.000 Y=5608.000 Z=128.000) RuntimeBounds:IsValid=true, Min=(X=6352.000 Y=5352.000 Z=-128.000), Max=(X=6608.000 Y=5608.000 Z=128.000) RuntimeGrid:None EditorOnly:false RuntimeOnly:false HLODRelevant:false ListedInSceneOutliner:true IsMainWorldOnly:false
 |   |   |- [+] [ 25]
 |   |   |   |- Guid:EC4E0C944CE6AC6E784BC6BB2916EA13 NativeClass:/Script/Engine.StaticMeshActor Name:StaticMeshActor_UAID_A4AE111137DC5EFB00_1110535423 Label:SM_SkySphere SpatiallyLoaded:false EditorBounds:IsValid=true, Min=(X=-1638400.000 Y=-1638400.000 Z=-1638400.000), Max=(X=1638400.000 Y=1638400.000 Z=1638400.000) RuntimeBounds:IsValid=true, Min=(X=-1638400.000 Y=-1638400.000 Z=-1638400.000), Max=(X=1638400.000 Y=1638400.000 Z=1638400.000) RuntimeGrid:None EditorOnly:false RuntimeOnly:false HLODRelevant:true ListedInSceneOutliner:true IsMainWorldOnly:false FolderPath:Lighting FolderGuid:963EC3EB4002CCE9759E2EBA541A873A
 |   |   |- [+] [ 26]
 |   |   |   |- Guid:F17BAA2C4641B49811DD92A127619EE8 NativeClass:/Script/Engine.StaticMeshActor Name:StaticMeshActor_UAID_D8BBC1DE44E19B8D02_1873857677 Label:Boolean SpatiallyLoaded:true EditorBounds:IsValid=true, Min=(X=3300.000 Y=2075.000 Z=0.000), Max=(X=4000.000 Y=3825.000 Z=700.000) RuntimeBounds:IsValid=true, Min=(X=3300.000 Y=2075.000 Z=0.000), Max=(X=4000.000 Y=3825.000 Z=700.000) RuntimeGrid:None EditorOnly:false RuntimeOnly:false HLODRelevant:true ListedInSceneOutliner:true IsMainWorldOnly:false
 |   |   |- [+] [ 27]
 |   |   |   |- Guid:F1924B8D48954B30891B2DB6A694F9CC NativeClass:/Script/Engine.StaticMeshActor Name:StaticMeshActor_1 Label:SM_Cube SpatiallyLoaded:true EditorBounds:IsValid=true, Min=(X=0.000 Y=0.000 Z=-50.000), Max=(X=12800.000 Y=18050.000 Z=0.000) RuntimeBounds:IsValid=true, Min=(X=0.000 Y=0.000 Z=-50.000), Max=(X=12800.000 Y=18050.000 Z=0.000) RuntimeGrid:None EditorOnly:false RuntimeOnly:false HLODRelevant:true ListedInSceneOutliner:true IsMainWorldOnly:false FolderPath:Playground FolderGuid:C73F09FC4215536B1DCE2A9E0A830C70
 |   |   |- [+] [ 28]
 |   |   |   |- Guid:F5E3FEB3450C49844FD93DA8E083C8AD NativeClass:/Script/Engine.PostProcessVolume Name:PostProcessVolume_0 Label:PostProcessVolume SpatiallyLoaded:false EditorBounds:IsValid=true, Min=(X=0.000 Y=0.000 Z=400.000), Max=(X=200.000 Y=200.000 Z=600.000) RuntimeBounds:IsValid=true, Min=(X=0.000 Y=0.000 Z=400.000), Max=(X=200.000 Y=200.000 Z=600.000) RuntimeGrid:None EditorOnly:false RuntimeOnly:false HLODRelevant:false ListedInSceneOutliner:true IsMainWorldOnly:false FolderPath:Lighting FolderGuid:963EC3EB4002CCE9759E2EBA541A873A
 |   |   |- [+] [ 29]
 |   |   |   |- Guid:FF698C67459ADB4982D7759C0905EE9F NativeClass:/Script/Engine.StaticMeshActor Name:StaticMeshActor_6 Label:SM_Cube3 SpatiallyLoaded:true EditorBounds:IsValid=true, Min=(X=0.000 Y=17950.000 Z=0.000), Max=(X=12800.000 Y=18050.000 Z=7025.000) RuntimeBounds:IsValid=true, Min=(X=0.000 Y=17950.000 Z=0.000), Max=(X=12800.000 Y=18050.000 Z=7025.000) RuntimeGrid:None EditorOnly:false RuntimeOnly:false HLODRelevant:true ListedInSceneOutliner:true IsMainWorldOnly:false FolderPath:Playground FolderGuid:C73F09FC4215536B1DCE2A9E0A830C70
 |- ContainerInstances:
 |- [+] MainContainer:
 |   |-        ID: 00000000000000000000000000000000
 |   |-  ParentID: 00000000000000000000000000000000
 |   |-    Bounds: IsValid=false, Min=(X=0.000 Y=0.000 Z=0.000), Max=(X=0.000 Y=0.000 Z=0.000)
 |   |- Transform: 0.000000,0.000000,0.000000|0.000000,0.000000,-0.000000|1.000000,1.000000,1.000000
 |   |- Container: /Game/ThirdPerson/Maps/ThirdPersonMap
----------------------------------------------------------------------------------------------------------------
ThirdPersonMap - Persistent Level
----------------------------------------------------------------------------------------------------------------
[+] Content of ThirdPersonMap Persistent Level
 |- Always loaded Actor Count: 30 
 |- Actor Path: /Game/ThirdPerson/Maps/ThirdPersonMap.ThirdPersonMap:PersistentLevel.BP_EnemySpawner_C_UAID_C03EBA83BE917E9002_1197932736
 |- Actor Package: /Game/__ExternalActors__/ThirdPerson/Maps/ThirdPersonMap/D/CK/R2X4VCPWYQI3XPYQUGT6QZ
 |- Actor Path: /Game/ThirdPerson/Maps/ThirdPersonMap.ThirdPersonMap:PersistentLevel.BP_EnemySpawner_C_UAID_C03EBA83BE917E9002_1200190737
 |- Actor Package: /Game/__ExternalActors__/ThirdPerson/Maps/ThirdPersonMap/7/7X/2002YAJV0IT4CCG4D9JE0D
 |- Actor Path: /Game/ThirdPerson/Maps/ThirdPersonMap.ThirdPersonMap:PersistentLevel.BP_EnemySpawner_C_UAID_C03EBA83BE917E9002_1277542738
 |- Actor Package: /Game/__ExternalActors__/ThirdPerson/Maps/ThirdPersonMap/E/KL/9ENPOE790PXHWVYP7UVDKD
 |- Actor Path: /Game/ThirdPerson/Maps/ThirdPersonMap.ThirdPersonMap:PersistentLevel.BP_EnemySpawner_C_UAID_C03EBA83BE91A88F02_2087200072
 |- Actor Package: /Game/__ExternalActors__/ThirdPerson/Maps/ThirdPersonMap/F/09/M5RTHKT5HFKGT5Z2LRW9Y9
 |- Actor Path: /Game/ThirdPerson/Maps/ThirdPersonMap.ThirdPersonMap:PersistentLevel.BP_EnemySpawner_C_UAID_C03EBA83BE91B09202_1135730648
 |- Actor Package: /Game/__ExternalActors__/ThirdPerson/Maps/ThirdPersonMap/A/XN/81JZC674JZLO07A4LLUH45
 |- Actor Path: /Game/ThirdPerson/Maps/ThirdPersonMap.ThirdPersonMap:PersistentLevel.DirectionalLight_0
 |- Actor Package: /Game/__ExternalActors__/ThirdPerson/Maps/ThirdPersonMap/5/R1/TS5OQ5CRUWFZYL1ZQ7I416
 |- Actor Path: /Game/ThirdPerson/Maps/ThirdPersonMap.ThirdPersonMap:PersistentLevel.ExponentialHeightFog_0
 |- Actor Package: /Game/__ExternalActors__/ThirdPerson/Maps/ThirdPersonMap/6/J7/N10XDC9G27EMLS5AGZ6AVV
 |- Actor Path: /Game/ThirdPerson/Maps/ThirdPersonMap.ThirdPersonMap:PersistentLevel.NavMeshBoundsVolume_UAID_C03EBA83BE91A98F02_1165002251
 |- Actor Package: /Game/__ExternalActors__/ThirdPerson/Maps/ThirdPersonMap/4/Y1/YL8VX2BF1LKGU1P9AH8FCU
 |- Actor Path: /Game/ThirdPerson/Maps/ThirdPersonMap.ThirdPersonMap:PersistentLevel.PlayerStart_0
 |- Actor Package: /Game/__ExternalActors__/ThirdPerson/Maps/ThirdPersonMap/D/DE/SWSI13675DVYIZ0N4NF7Y3
 |- Actor Path: /Game/ThirdPerson/Maps/ThirdPersonMap.ThirdPersonMap:PersistentLevel.PostProcessVolume_0
 |- Actor Package: /Game/__ExternalActors__/ThirdPerson/Maps/ThirdPersonMap/1/AZ/A7GPT109Y6ZTTJD4A7TXER
 |- Actor Path: /Game/ThirdPerson/Maps/ThirdPersonMap.ThirdPersonMap:PersistentLevel.RecastNavMesh_UAID_C03EBA83BE91A98F02-Default
 |- Actor Package: /Game/__ExternalActors__/ThirdPerson/Maps/ThirdPersonMap/6/NG/NOF6WOXZWG8SSFZIY8R5LK
 |- Actor Path: /Game/ThirdPerson/Maps/ThirdPersonMap.ThirdPersonMap:PersistentLevel.SkyAtmosphere_0
 |- Actor Package: /Game/__ExternalActors__/ThirdPerson/Maps/ThirdPersonMap/4/LN/30UBDLYFFA5ZR7U4W4L4GG
 |- Actor Path: /Game/ThirdPerson/Maps/ThirdPersonMap.ThirdPersonMap:PersistentLevel.SkyLight_1
 |- Actor Package: /Game/__ExternalActors__/ThirdPerson/Maps/ThirdPersonMap/8/S1/DXUWD12MD3HRWVVXX076BY
 |- Actor Path: /Game/ThirdPerson/Maps/ThirdPersonMap.ThirdPersonMap:PersistentLevel.StaticMeshActor_0
 |- Actor Package: /Game/__ExternalActors__/ThirdPerson/Maps/ThirdPersonMap/A/MS/MRHJREJ6H7USQYWF1KO8F6
 |- Actor Path: /Game/ThirdPerson/Maps/ThirdPersonMap.ThirdPersonMap:PersistentLevel.StaticMeshActor_1
 |- Actor Package: /Game/__ExternalActors__/ThirdPerson/Maps/ThirdPersonMap/6/YO/NG2R9BPZVA7ZDN0Z4VSTG6
 |- Actor Path: /Game/ThirdPerson/Maps/ThirdPersonMap.ThirdPersonMap:PersistentLevel.StaticMeshActor_4
 |- Actor Package: /Game/__ExternalActors__/ThirdPerson/Maps/ThirdPersonMap/5/9Q/U98KGKQ41NJYFOGFQM8ZDY
 |- Actor Path: /Game/ThirdPerson/Maps/ThirdPersonMap.ThirdPersonMap:PersistentLevel.StaticMeshActor_5
 |- Actor Package: /Game/__ExternalActors__/ThirdPerson/Maps/ThirdPersonMap/C/QF/BY1DA5CRGQSAMOTK8RA8KR
 |- Actor Path: /Game/ThirdPerson/Maps/ThirdPersonMap.ThirdPersonMap:PersistentLevel.StaticMeshActor_6
 |- Actor Package: /Game/__ExternalActors__/ThirdPerson/Maps/ThirdPersonMap/D/0G/JNKFA4X9LRMSF343ESPF6Q
 |- Actor Path: /Game/ThirdPerson/Maps/ThirdPersonMap.ThirdPersonMap:PersistentLevel.StaticMeshActor_UAID_4CD717A17FC0618D02_1400145463
 |- Actor Package: /Game/__ExternalActors__/ThirdPerson/Maps/ThirdPersonMap/5/7D/BJSKBIUK44FKERVLHGVMQH
 |- Actor Path: /Game/ThirdPerson/Maps/ThirdPersonMap.ThirdPersonMap:PersistentLevel.StaticMeshActor_UAID_4CD717A17FC0618D02_1487927465
 |- Actor Package: /Game/__ExternalActors__/ThirdPerson/Maps/ThirdPersonMap/4/Z2/WAJS5VG2C5G3O6YZ23044F
 |- Actor Path: /Game/ThirdPerson/Maps/ThirdPersonMap.ThirdPersonMap:PersistentLevel.StaticMeshActor_UAID_4CD717A17FC0618D02_1490520466
 |- Actor Package: /Game/__ExternalActors__/ThirdPerson/Maps/ThirdPersonMap/1/ZF/R0MWVLKOVL8O7MUNPLUMT2
 |- Actor Path: /Game/ThirdPerson/Maps/ThirdPersonMap.ThirdPersonMap:PersistentLevel.StaticMeshActor_UAID_4CD717A17FC0618D02_1507245467
 |- Actor Package: /Game/__ExternalActors__/ThirdPerson/Maps/ThirdPersonMap/A/H3/ENZQW069R3AVNT54WJGUBA
 |- Actor Path: /Game/ThirdPerson/Maps/ThirdPersonMap.ThirdPersonMap:PersistentLevel.StaticMeshActor_UAID_4CD717A17FC0618D02_2030580470
 |- Actor Package: /Game/__ExternalActors__/ThirdPerson/Maps/ThirdPersonMap/8/QV/BWXMW1YJOJXFA0346VQJI5
 |- Actor Path: /Game/ThirdPerson/Maps/ThirdPersonMap.ThirdPersonMap:PersistentLevel.StaticMeshActor_UAID_4CD717A17FC0628D02_2055259649
 |- Actor Package: /Game/__ExternalActors__/ThirdPerson/Maps/ThirdPersonMap/2/O9/DBV0OIC6OCQT99GEMO4C7M
 |- Actor Path: /Game/ThirdPerson/Maps/ThirdPersonMap.ThirdPersonMap:PersistentLevel.StaticMeshActor_UAID_4CD717A17FC0628D02_2055262650
 |- Actor Package: /Game/__ExternalActors__/ThirdPerson/Maps/ThirdPersonMap/B/5X/J0NZIMX8B483K6LRDCF5ZE
 |- Actor Path: /Game/ThirdPerson/Maps/ThirdPersonMap.ThirdPersonMap:PersistentLevel.StaticMeshActor_UAID_A4AE111137DC5EFB00_1110535423
 |- Actor Package: /Game/__ExternalActors__/ThirdPerson/Maps/ThirdPersonMap/4/PN/2QISIGK5DJNQ05US8O8FXW
 |- Actor Path: /Game/ThirdPerson/Maps/ThirdPersonMap.ThirdPersonMap:PersistentLevel.StaticMeshActor_UAID_D8BBC1DE44E19B8D02_1873857677
 |- Actor Package: /Game/__ExternalActors__/ThirdPerson/Maps/ThirdPersonMap/1/NU/TL0LP66RLL8FWBJQH97RGN
 |- Actor Path: /Game/ThirdPerson/Maps/ThirdPersonMap.ThirdPersonMap:PersistentLevel.TextRenderActor_1
 |- Actor Package: /Game/__ExternalActors__/ThirdPerson/Maps/ThirdPersonMap/1/WU/NB37RT5Q32Z8MJWD8BD2SO
 |- Actor Path: /Game/ThirdPerson/Maps/ThirdPersonMap.ThirdPersonMap:PersistentLevel.VolumetricCloud_0
 |- Actor Package: /Game/__ExternalActors__/ThirdPerson/Maps/ThirdPersonMap/3/EY/87SHEJN5UBEAN2K5OV1G6R
 |- Actor Path: /Game/ThirdPerson/Maps/ThirdPersonMap.ThirdPersonMap:PersistentLevel.WorldDataLayers
 |- Actor Package: /Game/__ExternalActors__/ThirdPerson/Maps/ThirdPersonMap/0/43/HYQWORMY4JDQ5X3OKZXFLC

----------------------------------------------------------------------------------------------------------------
ThirdPersonMap - Runtime Hash Set
----------------------------------------------------------------------------------------------------------------

