Log started at 12/10/2025 18:31:47 (2025-12-10T23:31:47Z)
No config file at C:\ProgramData\Unreal Engine\UnrealBuildTool\BuildConfiguration.xml
No config file at C:\Users\the_h\AppData\Local\Unreal Engine\UnrealBuildTool\BuildConfiguration.xml
No config file at C:\Users\the_h\Documents\Unreal Engine\UnrealBuildTool\BuildConfiguration.xml
Configuration will be read from:
  C:\Users\the_h\AppData\Roaming\Unreal Engine\UnrealBuildTool\BuildConfiguration.xml
Log file: C:\Users\the_h\Documents\Purdue HW\cgt 365\Project-SOAP\SOAP\Saved\Logs\UnrealVersionSelector-2025.12.10-18.31.47.log

Setting temp directory to 'C:\Users\the_h\AppData\Local\Temp\UnrealBuildTool\f2d894e7'
    Registering build platform: UnrealBuildTool.AndroidPlatformFactory
    Registering build platform: UnrealBuildTool.IOSPlatformFactory
    Registering build platform: UnrealBuildTool.LinuxPlatformFactory
    Registering build platform: UnrealBuildTool.MacPlatformFactory
    Registering build platform: UnrealBuildTool.TVOSPlatformFactory
    Registering build platform: UnrealBuildTool.WindowsPlatformFactory
Found Windows 10 SDK root at C:\Program Files (x86)\Windows Kits\10 (1)
Found Windows 10 SDK root at C:\Program Files (x86)\Windows Kits\10 (2)
Found Windows 10 SDK version 10.0.22621.0 at C:\Program Files (x86)\Windows Kits\10
Found Universal CRT version 10.0.22621.0 at C:\Program Files (x86)\Windows Kits\10
Found Windows 10 SDK version 10.0.26100.0 at C:\Program Files (x86)\Windows Kits\10
Found Universal CRT version 10.0.26100.0 at C:\Program Files (x86)\Windows Kits\10
Win64 Installed SDK(s): MinVersion_Sdk=10.0.19041.0, MaxVersion_Sdk=10.9.99999.0, CurrentVersion_Sdk=10.0.22621.0, Version_AutoSdk=10.0.22621.0, CurrentVersion_AutoSdk=
        Registering build platform: Win64 - buildable: True
    Registering build platform: UnrealBuildTool.VisionOSPlatformFactory
Log file: C:\Users\the_h\AppData\Local\UnrealBuildTool\Log_GPF.txt
Deleting old log file: C:\Users\the_h\AppData\Local\UnrealBuildTool\Log_GPF-backup-2025.09.07-16.36.53.txt
Resolved project argument C:/Users/the_h/Documents/Purdue HW/cgt 365/Project-SOAP/SOAP/SOAP.uproject to C:\Users\the_h\Documents\Purdue HW\cgt 365\Project-SOAP\SOAP\SOAP.uproject
Registering project generator UnrealBuildTool.AndroidProjectGenerator for Android
Skipping project file generator registration for Android due to no valid BuildPlatform.
Registering project generator UnrealBuildTool.IOSProjectGenerator for IOS
Skipping project file generator registration for IOS due to no valid BuildPlatform.
Registering project generator UnrealBuildTool.LinuxProjectGenerator for Linux
Skipping project file generator registration for Linux due to no valid BuildPlatform.
Registering project generator UnrealBuildTool.LinuxProjectGenerator for LinuxArm64
Skipping project file generator registration for LinuxArm64 due to no valid BuildPlatform.
Registering project generator UnrealBuildTool.MacProjectGenerator for Mac
Skipping project file generator registration for Mac due to no valid BuildPlatform.
Registering project generator UnrealBuildTool.TVOSProjectGenerator for TVOS
Skipping project file generator registration for TVOS due to no valid BuildPlatform.
Registering project generator UnrealBuildTool.WindowsProjectGenerator for Win64
Registering project generator UnrealBuildTool.VisionOSProjectGenerator for VisionOS
Skipping project file generator registration for VisionOS due to no valid BuildPlatform.

---   SDK INFO START   ---
---   SDK INFO END   ---


Generating VisualStudio project files:
Discovering modules, targets and source code for project...
Updating C:\Program Files\Epic Games\UE_5.5\Engine\Intermediate\ProjectFiles\PrimaryProjectName.txt: contents have changed. Saving previous version to C:\Program Files\Epic Games\UE_5.5\Engine\Intermediate\ProjectFiles\PrimaryProjectName.txt.old.
Updating C:\Program Files\Epic Games\UE_5.5\Engine\Intermediate\ProjectFiles\PrimaryProjectPath.txt: contents have changed. Saving previous version to C:\Program Files\Epic Games\UE_5.5\Engine\Intermediate\ProjectFiles\PrimaryProjectPath.txt.old.
Found VisualStudio2022 installation: C:\Program Files\Microsoft Visual Studio\2022\Community (Product=Microsoft.VisualStudio.Product.Community, Version=17.14.36603.0)
Found Visual Studio toolchain: C:\Program Files\Microsoft Visual Studio\2022\Community\VC\Tools\MSVC\14.44.35207 (Family=14.44.35207, FamilyRank=1, Version=14.44.35217, Is64Bit=True, ReleaseChannel=Latest, Architecture=x64, Error=False, Redist=C:\Program Files\Microsoft Visual Studio\2022\Community\VC\Redist\MSVC\14.44.35112)
Detected supported platforms: Win64
Skipping C:\Program Files\Epic Games\UE_5.5\Engine\Intermediate\Build\BuildRules\UE5Rules.dll: File is installed
Skipping C:\Program Files\Epic Games\UE_5.5\Engine\Intermediate\Build\BuildRules\UE5ProgramRules.dll: File is installed
Available x64 toolchains (1):
 * C:\Program Files\Microsoft Visual Studio\2022\Community\VC\Tools\MSVC\14.44.35207
    (Family=14.44.35207, FamilyRank=1, Version=14.44.35217, Is64Bit=True, ReleaseChannel=Latest, Architecture=x64)
Visual Studio 2022 compiler version 14.44.35217 is not a preferred version. Please use the latest preferred version 14.38.33130
Generating target Editor for C:\Users\the_h\Documents\Purdue HW\cgt 365\Project-SOAP\SOAP\Intermediate\ProjectFiles\UE5.vcxproj
Generating target Game for C:\Users\the_h\Documents\Purdue HW\cgt 365\Project-SOAP\SOAP\Intermediate\ProjectFiles\UE5.vcxproj
Compiling C:\Users\the_h\Documents\Purdue HW\cgt 365\Project-SOAP\SOAP\Intermediate\Build\BuildRules\SOAPModuleRules.dll: Assembly does not exist
C:\Users\the_h\Documents\Purdue HW\cgt 365\Project-SOAP\SOAP\Source\SOAPEditor.Target.cs(6,14): error CS0101: The namespace '<global namespace>' already contains a definition for 'SOAPTarget'
C:\Users\the_h\Documents\Purdue HW\cgt 365\Project-SOAP\SOAP\Source\SOAPEditor.Target.cs(8,9): error CS1520: Method must have a return type
Total execution time: 1.84 seconds
Expecting to find a type to be declared in a target rules named 'SOAPTarget'.  This type must derive from the 'TargetRules' type defined by UnrealBuildTool.
CompilationResultException: Expecting to find a type to be declared in a target rules named 'SOAPTarget'.  This type must derive from the 'TargetRules' type defined by UnrealBuildTool.
   at UnrealBuildTool.RulesAssembly.CreateTargetRules(String TargetName, UnrealTargetPlatform Platform, UnrealTargetConfiguration Configuration, UnrealArchitectures Architectures, FileReference ProjectFile, CommandLineArguments Arguments, ILogger Logger, Boolean IsTestTarget, TargetRulesValidationOptions ValidationOptions, UnrealIntermediateEnvironment IntermediateEnvironment) in D:\build\++UE5\Sync\Engine\Saved\CsTools\Engine\Source\Programs\UnrealBuildTool\System\RulesAssembly.cs:line 884
   at UnrealBuildTool.ProjectFileGenerator.AddProjectsForAllTargets(PlatformProjectGeneratorCollection PlatformProjectGenerators, List`1 AllGames, List`1 AllTargetFiles, String[] Arguments, List`1 EngineProjects, List`1 GameProjects, Dictionary`2 ProjectFileToUProjectFile, Dictionary`2 ProgramProjects, Dictionary`2 RulesAssemblies, ILogger Logger) in D:\build\++UE5\Sync\Engine\Saved\CsTools\Engine\Source\Programs\UnrealBuildTool\ProjectFiles\ProjectFileGenerator.cs:line 2799
   at UnrealBuildTool.ProjectFileGenerator.GenerateProjectFiles(PlatformProjectGeneratorCollection PlatformProjectGenerators, String[] Arguments, Boolean bCacheDataForEditor, ILogger Logger) in D:\build\++UE5\Sync\Engine\Saved\CsTools\Engine\Source\Programs\UnrealBuildTool\ProjectFiles\ProjectFileGenerator.cs:line 1048
   at UnrealBuildTool.GenerateProjectFilesMode.ExecuteAsync(CommandLineArguments Arguments, ILogger Logger) in D:\build\++UE5\Sync\Engine\Saved\CsTools\Engine\Source\Programs\UnrealBuildTool\Modes\GenerateProjectFilesMode.cs:line 260
   at UnrealBuildTool.UnrealBuildTool.Main(String[] ArgumentsArray) in D:\build\++UE5\Sync\Engine\Saved\CsTools\Engine\Source\Programs\UnrealBuildTool\UnrealBuildTool.cs:line 687
WriteFileIfChanged() wrote 2 changed files of 2 requested writes.
Timeline:

[ 0.000]
[ 0.000](+1.880) <unknown>
[ 1.880]
